*** Using Compiler 'V6.24', folder: 'E:\STM\ARM\ARMCLANG\Bin'
Rebuild target 'PondSense'
assembling startup_stm32f407xx.s...
compiling bsp_ph.c...
compiling adc.c...
compiling stm32f4xx_it.c...
compiling usart.c...
compiling dma.c...
compiling gpio.c...
compiling stm32f4xx_hal_msp.c...
compiling tim.c...
../Core/Src/fsmc.c(180): warning: unused parameter 'sramHandle' [-Wunused-parameter]
  180 | void HAL_SRAM_MspInit(SRAM_HandleTypeDef* sramHandle){
      |                                           ^
../Core/Src/fsmc.c(251): warning: unused parameter 'sramHandle' [-Wunused-parameter]
  251 | void HAL_SRAM_MspDeInit(SRAM_HandleTypeDef* sramHandle){
      |                                             ^
2 warnings generated.
compiling fsmc.c...
compiling esp01s_at.c...
compiling esp01s.c...
compiling lcd_ex.c...
compiling bsp_ds18b20.c...
compiling esp01s_tcp.c...
compiling main.c...
../BSP/LCD/lcd.c(939): warning: array subscript is of type 'char' [-Wchar-subscripts]
  939 |             pfont = (uint8_t *)asc2_1206[chr];
      |                                         ^~~~
../BSP/LCD/lcd.c(944): warning: array subscript is of type 'char' [-Wchar-subscripts]
  944 |             pfont = (uint8_t *)asc2_1608[chr];
      |                                         ^~~~
../BSP/LCD/lcd.c(949): warning: array subscript is of type 'char' [-Wchar-subscripts]
  949 |             pfont = (uint8_t *)asc2_2412[chr];
      |                                         ^~~~
../BSP/LCD/lcd.c(954): warning: array subscript is of type 'char' [-Wchar-subscripts]
  954 |             pfont = (uint8_t *)asc2_3216[chr];
      |                                         ^~~~
4 warnings generated.
compiling lcd.c...
compiling pondsense_telemetry.c...
compiling pondsense_network.c...
compiling pondsense_feed_sequence.c...
compiling mqtt_codec.c...
compiling mqtt_client.c...
compiling pondsense_k230_protocol.c...
compiling pondsense_status_display.c...
compiling pondsense_k230_link.c...
compiling stm32f4xx_hal_adc_ex.c...
compiling stm32f4xx_hal_adc.c...
compiling stm32f4xx_hal_flash_ramfunc.c...
compiling stm32f4xx_hal_rcc_ex.c...
compiling stm32f4xx_hal_flash.c...
../Drivers/STM32F4xx_HAL_Driver/Src/stm32f4xx_hal_flash_ex.c(948): warning: unused parameter 'Banks' [-Wunused-parameter]
  948 | static void FLASH_MassErase(uint8_t VoltageRange, uint32_t Banks)
      |                                                            ^
../Drivers/STM32F4xx_HAL_Driver/Src/stm32f4xx_hal_flash_ex.c(1027): warning: unused parameter 'Banks' [-Wunused-parameter]
 1027 | static HAL_StatusTypeDef FLASH_OB_EnableWRP(uint32_t WRPSector, uint32_t Banks)
      |                                                                          ^
../Drivers/STM32F4xx_HAL_Driver/Src/stm32f4xx_hal_flash_ex.c(1063): warning: unused parameter 'Banks' [-Wunused-parameter]
 1063 | static HAL_StatusTypeDef FLASH_OB_DisableWRP(uint32_t WRPSector, uint32_t Banks)
      |                                                                           ^
3 warnings generated.
compiling stm32f4xx_hal_flash_ex.c...
compiling stm32f4xx_hal_rcc.c...
compiling stm32f4xx_hal_pwr.c...
compiling stm32f4xx_hal_gpio.c...
compiling stm32f4xx_hal_pwr_ex.c...
compiling stm32f4xx_hal_dma_ex.c...
compiling stm32f4xx_hal_dma.c...
compiling stm32f4xx_hal.c...
compiling stm32f4xx_hal_cortex.c...
compiling stm32f4xx_hal_exti.c...
compiling stm32f4xx_hal_nor.c...
compiling stm32f4xx_ll_fsmc.c...
compiling stm32f4xx_hal_nand.c...
compiling stm32f4xx_hal_pccard.c...
compiling stm32f4xx_hal_sram.c...
compiling system_stm32f4xx.c...
compiling stm32f4xx_hal_tim_ex.c...
compiling stm32f4xx_hal_uart.c...
compiling stm32f4xx_hal_tim.c...
linking...
Program Size: Code=50178 RO-data=19166 RW-data=20 ZI-data=5596  
FromELF: creating hex file...
"PondSense\PondSense.axf" - 0 Error(s), 9 Warning(s).
Build Time Elapsed:  00:00:03
