*** Using Compiler 'V6.24', folder: 'E:\STM\ARM\ARMCLANG\Bin'
Rebuild target 'PondSense'
compiling dma.c...
compiling stm32f4xx_hal_msp.c...
compiling gpio.c...
compiling ph_sensor.c...
compiling tim.c...
compiling usart.c...
compiling stm32f4xx_it.c...
assembling startup_stm32f407xx.s...
compiling feed_motor.c...
compiling button.c...
compiling adc.c...
../Core/Src/fsmc.c(180): warning: unused parameter 'sramHandle' [-Wunused-parameter]
  180 | void HAL_SRAM_MspInit(SRAM_HandleTypeDef* sramHandle){
      |                                           ^
../Core/Src/fsmc.c(251): warning: unused parameter 'sramHandle' [-Wunused-parameter]
  251 | void HAL_SRAM_MspDeInit(SRAM_HandleTypeDef* sramHandle){
      |                                             ^
2 warnings generated.
compiling fsmc.c...
compiling ds18b20.c...
compiling main.c...
compiling lcd_controller.c...
compiling k230_uart.c...
compiling esp01s.c...
compiling esp01s_tcp.c...
compiling esp01s_at.c...
compiling mqtt_client.c...
compiling k230.c...
compiling mqtt_codec.c...
compiling lcd.c...
compiling telemetry.c...
compiling vision.c...
compiling sensing.c...
compiling display.c...
compiling feeding.c...
compiling stm32f4xx_hal_flash_ramfunc.c...
compiling stm32f4xx_hal_adc.c...
compiling stm32f4xx_hal_flash.c...
compiling stm32f4xx_hal_rcc_ex.c...
compiling pondsense.c...
../Drivers/STM32F4xx_HAL_Driver/Src/stm32f4xx_hal_flash_ex.c(948): warning: unused parameter 'Banks' [-Wunused-parameter]
  948 | static void FLASH_MassErase(uint8_t VoltageRange, uint32_t Banks)
      |                                                            ^
../Drivers/STM32F4xx_HAL_Driver/Src/stm32f4xx_hal_flash_ex.c(1027): warning: unused parameter 'Banks' [-Wunused-parameter]
 1027 | static HAL_StatusTypeDef FLASH_OB_EnableWRP(uint32_t WRPSector, uint32_t Banks)
      |                                                                          ^
../Drivers/STM32F4xx_HAL_Driver/Src/stm32f4xx_hal_flash_ex.c(1063): warning: unused parameter 'Banks' [-Wunused-parameter]
 1063 | static HAL_StatusTypeDef FLASH_OB_DisableWRP(uint32_t WRPSector, uint32_t Banks)
      |                                                                           ^
3 warnings generated.
compiling stm32f4xx_hal_flash_ex.c...
compiling stm32f4xx_hal_gpio.c...
compiling stm32f4xx_hal_rcc.c...
compiling stm32f4xx_hal_dma_ex.c...
compiling stm32f4xx_hal_adc_ex.c...
compiling stm32f4xx_hal_pwr.c...
compiling stm32f4xx_hal_pwr_ex.c...
compiling stm32f4xx_hal_dma.c...
compiling stm32f4xx_hal.c...
compiling stm32f4xx_hal_cortex.c...
compiling stm32f4xx_hal_exti.c...
compiling stm32f4xx_hal_nor.c...
compiling stm32f4xx_ll_fsmc.c...
compiling stm32f4xx_hal_pccard.c...
compiling stm32f4xx_hal_nand.c...
compiling stm32f4xx_hal_sram.c...
compiling system_stm32f4xx.c...
compiling stm32f4xx_hal_tim_ex.c...
compiling stm32f4xx_hal_uart.c...
compiling stm32f4xx_hal_tim.c...
linking...
Program Size: Code=50182 RO-data=19142 RW-data=20 ZI-data=5684
FromELF: creating hex file...
"PondSense\PondSense.axf" - 0 Error(s), 5 Warning(s).
Build Time Elapsed:  00:00:02
